*** Using Compiler 'V5.06 update 7 (build 960)', folder: 'D:\Keil 5\ARM\ARM_Compiler_5.06u7\Bin'
Rebuild target 'LED'
compiling led.c...
compiling siren_task.c...
compiling main.c...
compiling stm32f4xx_it.c...
compiling breath_task.c...
compiling task_scheduler.c...
compiling system_stm32f4xx.c...
assembling startup_stm32f40_41xxx.s...
compiling sys.c...
compiling delay.c...
compiling usart.c...
compiling misc.c...
compiling stm32f4xx_gpio.c...
compiling stm32f4xx_syscfg.c...
compiling stm32f4xx_rcc.c...
compiling stm32f4xx_usart.c...
linking...
Program Size: Code=2340 RO-data=424 RW-data=48 ZI-data=2016  
FromELF: creating hex file...
"..\OBJ\LED.axf" - 0 Error(s), 0 Warning(s).
Build Time Elapsed:  00:00:03
